// Jest Snapshot v1, https://goo.gl/fbAQLP

exports[`should correctly render Hero 1`] = `
<div
  className="content-container"
>
  <div
    className="hero"
  >
    <div
      className="hero-content"
    >
      <h3
        className="hero-content__title hero-content__overlay"
      >
        Vietcong Fan Site
      </h3>
      <div
        className="hero-content__body hero-content__overlay"
      >
        <p>
          Lorem ipsum dolor, sit amet consectetur adipisicing elit. Blanditiis ab, quibusdam repellendus veritatis excepturi quos nesciunt non quidem reiciendis temporibus explicabo numquam tempore vitae! Et ab quod facilis inventore aspernatur.
        </p>
      </div>
    </div>
  </div>
</div>
`;
